---
source: crates/textweaver-math/tests/mathml.rs
expression: balanced(&xml)
---
<math xmlns="http://www.w3.org/1998/Math/MathML" display="block" alttext="|x| = \begin{cases} x &amp; \text{if } x \ge 0 \\ -x &amp; \text{otherwise} \end{cases}"><semantics><mrow><mrow><mo fence="true" form="prefix">|</mo><mi>x</mi><mo fence="true" form="postfix">|</mo></mrow><mo>=</mo><mrow><mo fence="true" form="prefix">{</mo><mtable columnalign="left left"><mtr><mtd><mi>x</mi></mtd><mtd><mrow><mtext>if </mtext><mi>x</mi><mo>≥</mo><mn>0</mn></mrow></mtd></mtr><mtr><mtd><mrow><mo>−</mo><mi>x</mi></mrow></mtd><mtd><mtext>otherwise</mtext></mtd></mtr></mtable></mrow></mrow><annotation encoding="application/x-tex">|x| = \begin{cases} x &amp; \text{if } x \ge 0 \\ -x &amp; \text{otherwise} \end{cases}</annotation></semantics></math>
