---
source: crates/textweaver-formats/tests/it/pdf.rs
expression: view(&doc)
---
{
  "markers": [
    {
      "kind": "page_break",
      "label": "1",
      "range": [
        0,
        210
      ],
      "text": "Notes at the Foot\n\nThe first paragraph is short and complete"
    },
    {
      "kind": "heading",
      "level": 1,
      "range": [
        0,
        17
      ],
      "text": "Notes at the Foot"
    },
    {
      "kind": "paragraph",
      "range": [
        19,
        75
      ],
      "text": "The first paragraph is short and complete. It ends here."
    },
    {
      "kind": "paragraph",
      "range": [
        77,
        269
      ],
      "text": "The second paragraph begins near the foot of the first page,"
    },
    {
      "kind": "page_break",
      "label": "2",
      "range": [
        211,
        371
      ],
      "text": "smaller type, and ends on the second page without a break.\n\n"
    },
    {
      "kind": "paragraph",
      "range": [
        271,
        332
      ],
      "text": "1 The footnote sits at the foot of page one, in smaller type"
    },
    {
      "kind": "footnote",
      "level": 1,
      "range": [
        271,
        332
      ],
      "text": "1 The footnote sits at the foot of page one, in smaller type"
    },
    {
      "kind": "paragraph",
      "range": [
        334,
        371
      ],
      "text": "A last paragraph closes the document."
    }
  ],
  "meta": {
    "author": "Test Author",
    "format": "pdf",
    "language": "en-US",
    "path": null,
    "properties": {
      "pages": "2"
    },
    "title": "Notes at the Foot"
  },
  "text": "Notes at the Foot\n\nThe first paragraph is short and complete. It ends here.\n\nThe second paragraph begins near the foot of the first page, and its sentence carries on past the footnote below, which is printed in smaller type, and ends on the second page without a break.\n\n1 The footnote sits at the foot of page one, in smaller type.\n\nA last paragraph closes the document."
}
