---
source: crates/textweaver-formats/tests/pdf.rs
expression: to_markdown(&doc)
---
# A Guide to Accessible Reading

*Test Author*

## 1 Introduction

Reading aloud helps students who find print hard to follow. A reader that highlights each word as it is spoken keeps the eyes and ears together, and a reader that remembers where the student stopped makes long assignments manageable.

Every page carries information that a student may need, and the reader should say the words exactly as they are printed, with well-known compounds intact.

### 1.1 Background

The loader rebuilds structure from the page: it finds the body text size, treats larger or bolder short lines as headings, joins wrapped lines into paragraphs, and removes the hyphens that typesetting adds at line ends.

The reader offers three kinds of help:

- highlighting each word as it is spoken, so the eyes can follow;
- moving by sentence, paragraph, or heading with single keys;
- remembering the place in every document.

To start reading:

1. Open the document.
2. Press the space bar to start and stop.
3. Use the arrow keys to move by word.

### Summary

Columns are read one after another, top to bottom, so a sentence is never interrupted by the text beside it. Running headers and page numbers repeat on every page and are left out of the reading.

## 2 Results

The table lists three readers and their scores.

| Name | Role | Score |
|---|---|---|
| Ada | Engineer | 98 |
| Grace | Admiral | 100 |
| Alan | Mathematician | 95 |

The scores are close, and every reader finished the test.
